  Geri y├╝klenecek projeler belirleniyor...
  Geri y├╝kleme i├ğin t├╝m projeler g├╝ncel.
C:\Users\User\Desktop\BERBER-OTOMASYONU\SoftetroBarber\Services\BookingService.cs(33,126): error CS0117: 'AppointmentStatus' bir 'Rejected' tan─▒m─▒ i├ğermiyor [C:\Users\User\Desktop\BERBER-OTOMASYONU\SoftetroBarber\SoftetroBarber.csproj]
C:\Users\User\Desktop\BERBER-OTOMASYONU\SoftetroBarber\Pages\Booking\Step6_Verify.cshtml.cs(104,17): error CS0117: 'Appointment' bir 'Notes' tan─▒m─▒ i├ğermiyor [C:\Users\User\Desktop\BERBER-OTOMASYONU\SoftetroBarber\SoftetroBarber.csproj]
C:\Users\User\Desktop\BERBER-OTOMASYONU\SoftetroBarber\Pages\Booking\Step6_Verify.cshtml.cs(49,50): warning CS8604: 'bool IWhatsAppService.VerifyOtp(string phoneNumber, string otp)' i├ğindeki 'phoneNumber' parametresi i├ğin olas─▒ null ba┼şvuru ba─ş─▒ms─▒z de─şi┼şkeni. [C:\Users\User\Desktop\BERBER-OTOMASYONU\SoftetroBarber\SoftetroBarber.csproj]
C:\Users\User\Desktop\BERBER-OTOMASYONU\SoftetroBarber\Pages\Booking\Step6_Verify.cshtml.cs(73,32): warning CS8601: Olas─▒ null ba┼şvuru atamas─▒. [C:\Users\User\Desktop\BERBER-OTOMASYONU\SoftetroBarber\SoftetroBarber.csproj]
C:\Users\User\Desktop\BERBER-OTOMASYONU\SoftetroBarber\Pages\Booking\Step6_Verify.cshtml.cs(80,37): warning CS8601: Olas─▒ null ba┼şvuru atamas─▒. [C:\Users\User\Desktop\BERBER-OTOMASYONU\SoftetroBarber\SoftetroBarber.csproj]

Olu┼şturma BA┼ŞARISIZ OLDU.

C:\Users\User\Desktop\BERBER-OTOMASYONU\SoftetroBarber\Pages\Booking\Step6_Verify.cshtml.cs(49,50): warning CS8604: 'bool IWhatsAppService.VerifyOtp(string phoneNumber, string otp)' i├ğindeki 'phoneNumber' parametresi i├ğin olas─▒ null ba┼şvuru ba─ş─▒ms─▒z de─şi┼şkeni. [C:\Users\User\Desktop\BERBER-OTOMASYONU\SoftetroBarber\SoftetroBarber.csproj]
C:\Users\User\Desktop\BERBER-OTOMASYONU\SoftetroBarber\Pages\Booking\Step6_Verify.cshtml.cs(73,32): warning CS8601: Olas─▒ null ba┼şvuru atamas─▒. [C:\Users\User\Desktop\BERBER-OTOMASYONU\SoftetroBarber\SoftetroBarber.csproj]
C:\Users\User\Desktop\BERBER-OTOMASYONU\SoftetroBarber\Pages\Booking\Step6_Verify.cshtml.cs(80,37): warning CS8601: Olas─▒ null ba┼şvuru atamas─▒. [C:\Users\User\Desktop\BERBER-OTOMASYONU\SoftetroBarber\SoftetroBarber.csproj]
C:\Users\User\Desktop\BERBER-OTOMASYONU\SoftetroBarber\Services\BookingService.cs(33,126): error CS0117: 'AppointmentStatus' bir 'Rejected' tan─▒m─▒ i├ğermiyor [C:\Users\User\Desktop\BERBER-OTOMASYONU\SoftetroBarber\SoftetroBarber.csproj]
C:\Users\User\Desktop\BERBER-OTOMASYONU\SoftetroBarber\Pages\Booking\Step6_Verify.cshtml.cs(104,17): error CS0117: 'Appointment' bir 'Notes' tan─▒m─▒ i├ğermiyor [C:\Users\User\Desktop\BERBER-OTOMASYONU\SoftetroBarber\SoftetroBarber.csproj]
    3 Uyar─▒
    2 Hata

Ge├ğen S├╝re 00:00:04.15
